// Jest Snapshot v1, https://goo.gl/fbAQLP

exports[`CalendarBody renders with snapshot 1`] = `
<ContextConsumer>
  <Component />
</ContextConsumer>
`;
