// Jest Snapshot v1, https://goo.gl/fbAQLP

exports[`MonthArrowContainer renders with snapshot 1`] = `
<ContextConsumer>
  <Component />
</ContextConsumer>
`;
