// Jest Snapshot v1, https://goo.gl/fbAQLP

exports[`TemplateContainer renders with snapshot 1`] = `
<ContextConsumer>
  <Component />
</ContextConsumer>
`;
